I'm sorry, but errors were detected in your script. Please correct the
errors listed below, and try again.


File "game/script.rpy", line 63: end of line expected.
    show wold with dissolve at act
                            ^

Ren'Py Version: Ren'Py 8.1.1.23060707
Mon Aug 14 21:22:24 2023
